<?xml version="1.0" encoding="utf-8"?><testsuites><testsuite name="pytest" errors="0" failures="0" skipped="0" tests="17" time="0.470" timestamp="2025-06-27T10:03:24.710290" hostname="DESKTOP-JK85EMN"><testcase classname="tests.test_bun.TestBun" name="test_get_name" time="0.006" /><testcase classname="tests.test_bun.TestBun" name="test_get_price" time="0.001" /><testcase classname="tests.test_burger.TestBurger" name="test_set_buns" time="0.002" /><testcase classname="tests.test_burger.TestBurger" name="test_add_ingredient" time="0.002" /><testcase classname="tests.test_burger.TestBurger" name="test_remove_ingredient" time="0.004" /><testcase classname="tests.test_burger.TestBurger" name="test_move_ingredient" time="0.003" /><testcase classname="tests.test_burger.TestBurger" name="test_get_price[100-ingredients_prices0-200]" time="0.002" /><testcase classname="tests.test_burger.TestBurger" name="test_get_price[200-ingredients_prices1-450]" time="0.003" /><testcase classname="tests.test_burger.TestBurger" name="test_get_price[150-ingredients_prices2-600]" time="0.003" /><testcase classname="tests.test_burger.TestBurger" name="test_get_price[0-ingredients_prices3-0]" time="0.002" /><testcase classname="tests.test_burger.TestBurger" name="test_get_price[300-ingredients_prices4-1100]" time="0.002" /><testcase classname="tests.test_burger.TestBurger" name="test_get_receipt" time="0.008" /><testcase classname="tests.test_data_base.TestDatabase" name="test_available_buns" time="0.002" /><testcase classname="tests.test_data_base.TestDatabase" name="test_available_ingredients" time="0.001" /><testcase classname="tests.test_ingredient.TestIngredient" name="test_get_type" time="0.003" /><testcase classname="tests.test_ingredient.TestIngredient" name="test_get_name" time="0.002" /><testcase classname="tests.test_ingredient.TestIngredient" name="test_get_price" time="0.002" /></testsuite></testsuites>